C51 COMPILER V9.59.0.0   DHT11                                                             08/12/2020 16:46:06 PAGE 1   


C51 COMPILER V9.59.0.0, COMPILATION OF MODULE DHT11
OBJECT MODULE PLACED IN .\Objects\DHT11.obj
COMPILER INVOKED BY: D:\KEIL5_5.29\C51\BIN\C51.EXE Hardware\DHT11.c LARGE ROM(COMPACT) OPTIMIZE(8,SPEED) BROWSE INCDIR(.
                    -\User;.\System;.\Hardware;.\System;.\User) DEBUG OBJECTEXTEND PRINT(.\Listings\DHT11.lst) TABS(2) OBJECT(.\Objects\DHT11
                    -.obj)

line level    source

   1          #include "STC8F.h"
   2          #include "Delay.h"
   3          #include "DHT11.h"
   4          #include "Lcd.h"
   5          #include "Math.h"
   6          sbit DATA = P4^0;
   7          unsigned char Byte_temp;
   8          unsigned char str[5];
   9          unsigned char RH_data_H,RH_data_L,T_data_H,T_data_L,checkdata;
  10          void Readbyte()
  11          {
  12   1        unsigned char i,bit_temp,flag;
  13   1        for(i=0; i<8; i++)     
  14   1        {
  15   2          flag = 2; 
  16   2          while((!DATA) && flag++);
  17   2          Delay30us();
  18   2          bit_temp = 0;
  19   2          if(DATA)bit_temp = 1;
  20   2          flag = 2;
  21   2          while((DATA) && flag++);    
  22   2          if(flag == 1)break;      
  23   2          Byte_temp <<= 1;
  24   2          Byte_temp |= bit_temp;  
  25   2        } 
  26   1      }
  27          void DHT11_init()
  28          {
  29   1        unsigned char RH_data_H_temp,RH_data_L_temp,T_data_H_temp,T_data_L_temp,checkdata_temp;
  30   1        unsigned char flag;
  31   1        DATA = 0;
  32   1        Delay18ms();
  33   1        DATA = 1;
  34   1        Delay40us();
  35   1        DATA = 1;
  36   1        if(!DATA)
  37   1        {
  38   2          flag = 2;
  39   2          while((!DATA) && (flag++));
  40   2          flag = 2;
  41   2          while((DATA) && (flag++));
  42   2          Readbyte();
  43   2          RH_data_H_temp = Byte_temp;
  44   2          Readbyte();
  45   2          RH_data_L_temp = Byte_temp;
  46   2          Readbyte();
  47   2          T_data_H_temp = Byte_temp;
  48   2          Readbyte();
  49   2          T_data_L_temp = Byte_temp;
  50   2          Readbyte();
  51   2          checkdata_temp = Byte_temp;
  52   2          DATA = 1;
  53   2          if((T_data_H_temp+T_data_L_temp+RH_data_H_temp+RH_data_L_temp) == checkdata_temp)
C51 COMPILER V9.59.0.0   DHT11                                                             08/12/2020 16:46:06 PAGE 2   

  54   2          {
  55   3            RH_data_H = RH_data_H_temp;
  56   3            RH_data_L = RH_data_L_temp;
  57   3            T_data_H  = T_data_H_temp;
  58   3            T_data_L  = T_data_L_temp;
  59   3            checkdata = checkdata_temp;     
  60   3          }
  61   2        }
  62   1      }
  63          void SendData(unsigned char *a)
  64          {
  65   1        unsigned char outdata[5];
  66   1        unsigned char i;
  67   1        outdata[0] = a[0]; 
  68   1        outdata[1] = a[1];
  69   1        outdata[2] = a[2];
  70   1        outdata[3] = a[3];
  71   1        outdata[4] = a[4];
  72   1        ES = 0;
  73   1        for(i=0; i<5; i++)
  74   1        {
  75   2          SBUF = outdata[i];
  76   2          while(!TI);
  77   2          TI = 0;
  78   2        }
  79   1        ES = 1; 
  80   1      }


MODULE INFORMATION:   STATIC OVERLAYABLE
   CODE SIZE        =    353    ----
   CONSTANT SIZE    =   ----    ----
   XDATA SIZE       =     11      12
   PDATA SIZE       =   ----    ----
   DATA SIZE        =   ----    ----
   IDATA SIZE       =   ----    ----
   BIT SIZE         =   ----    ----
END OF MODULE INFORMATION.


C51 COMPILATION COMPLETE.  0 WARNING(S),  0 ERROR(S)
