C51 COMPILER V9.59.0.0   GUI                                                               08/22/2020 20:31:07 PAGE 1   


C51 COMPILER V9.59.0.0, COMPILATION OF MODULE GUI
OBJECT MODULE PLACED IN .\Objects\GUI.obj
COMPILER INVOKED BY: D:\KEIL5_5.29\C51\BIN\C51.EXE App\GUI.c LARGE ROM(COMPACT) OPTIMIZE(8,SPEED) BROWSE INCDIR(.\App;.\
                    -Hardware;.\System;.\User) DEBUG OBJECTEXTEND PRINT(.\Listings\GUI.lst) TABS(2) OBJECT(.\Objects\GUI.obj)

line level    source

   1          #include "Lcd.h"
   2          #include "GUI.h"
   3          #include "Delay.h"
   4          #include "DHT11.h"
   5          #include "DS1302.h"
   6          #include "stdio.h"
   7          #include "string.h"
   8          unsigned char code Table[] = "0123456789";
   9          extern unsigned char READTIME[7];
  10          extern unsigned char RH_data_H,RH_data_L,T_data_H,T_data_L,checkdata;
  11          void Draw_DHT11()
  12          {
  13   1          unsigned char RH[2],T[2];
  14   1          RH_data_H = 0,RH_data_L = 0,T_data_H = 0,T_data_L = 0,checkdata = 0;
  15   1      //    unsigned char str[5];
  16   1            DHT11_init();
  17   1            Delay2000ms();
  18   1      //    str[0]=RH_data_H;
  19   1      //    str[1]=RH_data_L;
  20   1      //    str[2]=T_data_H;
  21   1      //    str[3]=T_data_L;
  22   1      //    str[4]=checkdata;
  23   1      //    SendData(str) ;  
  24   1          memset(RH,' ',sizeof(RH));
  25   1          memset(T,' ',sizeof(T));
  26   1          RH[0] = '0' + (RH_data_H/10);
  27   1          RH[1] = '0' + (RH_data_H%10);
  28   1          Display_ASCII8X16(10,90,"%RH=");
  29   1          Display_ASCII8X16(42,90,RH);
  30   1          T[0] = '0' + (T_data_H/10);
  31   1          T[1] = '0' + (T_data_H%10);
  32   1          Display_ASCII8X16(10,70,"Tmp=");
  33   1          Display_ASCII8X16(42,70,T);
  34   1      }
  35          void Draw_DS1302()
  36          {
  37   1        unsigned char Temp[2] = {0x00};
  38   1        Delay2000ms();
  39   1        DS_ReadTime();
  40   1        Delay20ms();
  41   1        Temp[0] = Table[READTIME[2]/16];//显示时间
  42   1        Temp[1] = Table[READTIME[2]&0x0f];
  43   1        Display_ASCII8X16(1,2,Temp);
  44   1        Display_ASCII8X16(34,14,":");
  45   1        Temp[0] = 0x00;
  46   1        Temp[1] = 0x00;
  47   1        
  48   1        Temp[0] = Table[READTIME[1]/16];//显示分钟
  49   1        Temp[1] = Table[READTIME[1]&0x0f];
  50   1        Display_ASCII8X16(50,2,Temp);
  51   1        Display_ASCII8X16(80,14,":");
  52   1        Temp[0] = 0x00;
  53   1        Temp[1] = 0x00; 
  54   1        
C51 COMPILER V9.59.0.0   GUI                                                               08/22/2020 20:31:07 PAGE 2   

  55   1        Temp[0] = Table[READTIME[0]/16];
  56   1        Temp[1] = Table[READTIME[0]&0x0f];
  57   1        Display_ASCII8X16(102,2,Temp);
  58   1        Temp[0] = 0x00;
  59   1        Temp[1] = 0x00;
  60   1        
  61   1        Temp[0] = Table[READTIME[6]/16];
  62   1        Temp[1] = Table[READTIME[6]%16];
  63   1        Display_ASCII8X16(1,40,"20");
  64   1        Display_ASCII8X16(18,40,Temp);
  65   1        Display_ASCII8X16(38,40,"/");
  66   1        Temp[0] = 0x00;
  67   1        Temp[1] = 0x00;
  68   1        
  69   1        Temp[0] = Table[READTIME[4]/16];
  70   1        Temp[1] = Table[READTIME[4]%16];
  71   1        Display_ASCII8X16(50,40,Temp);
  72   1        Display_ASCII8X16(74,40,"/");
  73   1        Temp[0] = 0x00;
  74   1        Temp[1] = 0x00;
  75   1        
  76   1        Temp[0] = Table[READTIME[3]/16];
  77   1        Temp[1] = Table[READTIME[3]%16];
  78   1        Display_ASCII8X16(90,40,Temp);
  79   1        Temp[0] = 0x00;
  80   1        Temp[1] = 0x00;
  81   1        
  82   1      }


MODULE INFORMATION:   STATIC OVERLAYABLE
   CODE SIZE        =    597    ----
   CONSTANT SIZE    =     30    ----
   XDATA SIZE       =   ----       6
   PDATA SIZE       =   ----    ----
   DATA SIZE        =   ----    ----
   IDATA SIZE       =   ----    ----
   BIT SIZE         =   ----    ----
END OF MODULE INFORMATION.


C51 COMPILATION COMPLETE.  0 WARNING(S),  0 ERROR(S)
