C51 COMPILER V9.59.0.0   MAIN                                                              08/22/2020 16:11:54 PAGE 1   


C51 COMPILER V9.59.0.0, COMPILATION OF MODULE MAIN
OBJECT MODULE PLACED IN .\Objects\Main.obj
COMPILER INVOKED BY: D:\KEIL5_5.29\C51\BIN\C51.EXE User\Main.c LARGE ROM(COMPACT) OPTIMIZE(8,SPEED) BROWSE INCDIR(.\User
                    -;.\App;.\Hardware;.\System;.\User) DEBUG OBJECTEXTEND PRINT(.\Listings\Main.lst) TABS(2) OBJECT(.\Objects\Main.obj)

line level    source

   1          #include "STC8F.h"
   2          #include "DHT11.h"
   3          #include "Delay.h"
   4          #include "Uart.h"
   5          #include "DS1302.h"
   6          #include "Lcd.h"
   7          #include "GUI.h"
   8          #include "Led.h"
   9          #include "Key.h"
  10          unsigned char TIME[7] = {0x00,0x30,0x12,0x15,0x06,0x05,0x20};//sec,min,hour,date,month,day,year
  11          extern unsigned char READTIME[7];
  12          void main()
  13          {
  14   1        Uart1_Init();
  15   1        DS_ReadTime();
  16   1        if(((READTIME[0] & 0x80) >> 7) == 1)
  17   1        {
  18   2          DS_Init(TIME);
  19   2        }
  20   1        lcd_initial();
  21   1        Lcd_half_clear();
  22   1        Draw_DS1302();
  23   1      //  Delay2000ms();
  24   1      //  Draw_DHT11();
  25   1        while(1)
  26   1        { 
  27   2          Keyinit();
  28   2        }
  29   1        
  30   1      }
  31          void UART1_Isr() interrupt 4
  32          {
  33   1        
  34   1        
  35   1        //---免掉点下载，波特率默认57600bps--------
  36   1        static unsigned char uart_ser = 0;
  37   1        if(TI==1)   
  38   1        {
  39   2          TI=0;
  40   2        }
  41   1        RI = 0;
  42   1        if(SBUF == 0x7f)
  43   1        {
  44   2          uart_ser++;
  45   2          if(uart_ser == 10)
  46   2          {
  47   3            uart_ser = 0;
  48   3            IAP_CONTR |= 0x60;
  49   3          }
  50   2        }
  51   1        else
  52   1        {
  53   2          uart_ser = 0;
  54   2        }   
C51 COMPILER V9.59.0.0   MAIN                                                              08/22/2020 16:11:54 PAGE 2   

  55   1        //-----------------------------------------
  56   1      }


MODULE INFORMATION:   STATIC OVERLAYABLE
   CODE SIZE        =    106    ----
   CONSTANT SIZE    =   ----    ----
   XDATA SIZE       =      8    ----
   PDATA SIZE       =   ----    ----
   DATA SIZE        =   ----    ----
   IDATA SIZE       =   ----    ----
   BIT SIZE         =   ----    ----
END OF MODULE INFORMATION.


C51 COMPILATION COMPLETE.  0 WARNING(S),  0 ERROR(S)
