C51 COMPILER V9.59.0.0   MAIN                                                              08/08/2020 11:19:44 PAGE 1   


C51 COMPILER V9.59.0.0, COMPILATION OF MODULE MAIN
OBJECT MODULE PLACED IN .\Objects\Main.obj
COMPILER INVOKED BY: D:\KEIL5_5.29\C51\BIN\C51.EXE User\Main.c OPTIMIZE(8,SPEED) BROWSE INCDIR(.\User;.\Hardware;.\Syste
                    -m;.\User) DEBUG OBJECTEXTEND PRINT(.\Listings\Main.lst) TABS(2) OBJECT(.\Objects\Main.obj)

line level    source

   1          #include "STC8F.h"
   2          #include "DHT11.h"
   3          #include "Delay.h"
   4          #include "Uart.h"
   5          #include "DS1302.h"
   6          #include "Lcd.h"
   7          void main()
   8          {
   9   1          Uart1_Init();
  10   1      }
  11          
  12          void UART1_Isr() interrupt 4
  13          {
  14   1        static unsigned char uart_ser = 0;
  15   1        if(TI==1)   
  16   1        {
  17   2          TI=0;
  18   2        }
  19   1        RI = 0;
  20   1        if(SBUF == 0x7f)
  21   1        {
  22   2          uart_ser++;
  23   2          if(uart_ser == 10)
  24   2          {
  25   3            uart_ser = 0;
  26   3            IAP_CONTR |= 0x60;
  27   3          }
  28   2        }
  29   1        else
  30   1        {
  31   2          uart_ser = 0;
  32   2        }   
  33   1      }


MODULE INFORMATION:   STATIC OVERLAYABLE
   CODE SIZE        =     51    ----
   CONSTANT SIZE    =   ----    ----
   XDATA SIZE       =   ----    ----
   PDATA SIZE       =   ----    ----
   DATA SIZE        =      1    ----
   IDATA SIZE       =   ----    ----
   BIT SIZE         =   ----    ----
END OF MODULE INFORMATION.


C51 COMPILATION COMPLETE.  0 WARNING(S),  0 ERROR(S)
