C51 COMPILER V9.59.0.0   UART                                                              08/08/2020 11:16:32 PAGE 1   


C51 COMPILER V9.59.0.0, COMPILATION OF MODULE UART
OBJECT MODULE PLACED IN .\Objects\Uart.obj
COMPILER INVOKED BY: D:\KEIL5_5.29\C51\BIN\C51.EXE Hardware\Uart.c OPTIMIZE(8,SPEED) BROWSE INCDIR(.\User;.\System;.\Har
                    -dware;.\System;.\User) DEBUG OBJECTEXTEND PRINT(.\Listings\Uart.lst) TABS(2) OBJECT(.\Objects\Uart.obj)

line level    source

   1          #include "STC8F.h"
   2          #include "Uart.h"
   3          void Uart1_Init()//9600bps@24.000MHz
   4          {
   5   1        SCON = 0x50;  
   6   1        AUXR |= 0x40;   
   7   1        AUXR &= 0xFE;   
   8   1        TMOD &= 0x0F;   
   9   1        TL1 = 0x8F; 
  10   1        TH1 = 0xFD;   
  11   1        ET1 = 0;    
  12   1        TR1 = 1;    
  13   1        EA = 1;
  14   1        ES = 1;
  15   1      
  16   1      }
  17          void Send_string(unsigned char *a)
  18          {
  19   1        while(*a != '!')
  20   1        {
  21   2          SBUF = *a;
  22   2          a++;
  23   2          while(TI != 1);
  24   2          TI = 0;
  25   2        }
  26   1      }


MODULE INFORMATION:   STATIC OVERLAYABLE
   CODE SIZE        =     52    ----
   CONSTANT SIZE    =   ----    ----
   XDATA SIZE       =   ----    ----
   PDATA SIZE       =   ----    ----
   DATA SIZE        =   ----    ----
   IDATA SIZE       =   ----    ----
   BIT SIZE         =   ----    ----
END OF MODULE INFORMATION.


C51 COMPILATION COMPLETE.  0 WARNING(S),  0 ERROR(S)
